C:\Users\Triza\AppData\Roaming\Python\Python311\site-packages\pydantic\_internal\_config.py:373: UserWarning: Valid config keys have changed in V2:
* 'orm_mode' has been renamed to 'from_attributes'
  warnings.warn(message, UserWarning)
C:\Users\Triza\AppData\Roaming\Python\Python311\site-packages\pydantic\_internal\_config.py:373: UserWarning: Valid config keys have changed in V2:
* 'orm_mode' has been renamed to 'from_attributes'
  warnings.warn(message, UserWarning)
C:\Users\Triza\AppData\Roaming\Python\Python311\site-packages\pydantic\_internal\_config.py:373: UserWarning: Valid config keys have changed in V2:
* 'orm_mode' has been renamed to 'from_attributes'
  warnings.warn(message, UserWarning)
INFO:     Started server process [39624]
INFO:     Waiting for application startup.
INFO:     Application startup complete.
INFO:     Uvicorn running on http://127.0.0.1:8000 (Press CTRL+C to quit)
ERROR:    Exception in ASGI application
  + Exception Group Traceback (most recent call last):
  |   File "C:\Users\Triza\AppData\Roaming\Python\Python311\site-packages\starlette\_utils.py", line 77, in collapse_excgroups
  |     yield
  |   File "C:\Users\Triza\AppData\Roaming\Python\Python311\site-packages\starlette\middleware\base.py", line 183, in __call__
  |     async with anyio.create_task_group() as task_group:
  |   File "C:\Users\Triza\AppData\Roaming\Python\Python311\site-packages\anyio\_backends\_asyncio.py", line 772, in __aexit__
  |     raise BaseExceptionGroup(
  | ExceptionGroup: unhandled errors in a TaskGroup (1 sub-exception)
  +-+---------------- 1 ----------------
    | Traceback (most recent call last):
    |   File "C:\Users\Triza\AppData\Roaming\Python\Python311\site-packages\uvicorn\protocols\http\httptools_impl.py", line 409, in run_asgi
    |     result = await app(  # type: ignore[func-returns-value]
    |              ^^^^^^^^^^^^^^^^^^^^^^^^^^^^^^^^^^^^^^^^^^^^^^
    |   File "C:\Users\Triza\AppData\Roaming\Python\Python311\site-packages\uvicorn\middleware\proxy_headers.py", line 60, in __call__
    |     return await self.app(scope, receive, send)
    |            ^^^^^^^^^^^^^^^^^^^^^^^^^^^^^^^^^^^^
    |   File "C:\Users\Triza\AppData\Roaming\Python\Python311\site-packages\fastapi\applications.py", line 1054, in __call__
    |     await super().__call__(scope, receive, send)
    |   File "C:\Users\Triza\AppData\Roaming\Python\Python311\site-packages\starlette\applications.py", line 113, in __call__
    |     await self.middleware_stack(scope, receive, send)
    |   File "C:\Users\Triza\AppData\Roaming\Python\Python311\site-packages\starlette\middleware\errors.py", line 186, in __call__
    |     raise exc
    |   File "C:\Users\Triza\AppData\Roaming\Python\Python311\site-packages\starlette\middleware\errors.py", line 164, in __call__
    |     await self.app(scope, receive, _send)
    |   File "C:\Users\Triza\AppData\Roaming\Python\Python311\site-packages\starlette\middleware\base.py", line 182, in __call__
    |     with recv_stream, send_stream, collapse_excgroups():
    |   File "C:\Program Files\Python311\Lib\contextlib.py", line 155, in __exit__
    |     self.gen.throw(typ, value, traceback)
    |   File "C:\Users\Triza\AppData\Roaming\Python\Python311\site-packages\starlette\_utils.py", line 83, in collapse_excgroups
    |     raise exc
    |   File "C:\Users\Triza\AppData\Roaming\Python\Python311\site-packages\starlette\middleware\base.py", line 184, in __call__
    |     response = await self.dispatch_func(request, call_next)
    |                ^^^^^^^^^^^^^^^^^^^^^^^^^^^^^^^^^^^^^^^^^^^^
    |   File "C:\PROJECTS\AccountingSystem\main.py", line 83, in timing
    |     response = await call_next(request)
    |                ^^^^^^^^^^^^^^^^^^^^^^^^
    |   File "C:\Users\Triza\AppData\Roaming\Python\Python311\site-packages\starlette\middleware\base.py", line 159, in call_next
    |     raise app_exc
    |   File "C:\Users\Triza\AppData\Roaming\Python\Python311\site-packages\starlette\middleware\base.py", line 144, in coro
    |     await self.app(scope, receive_or_disconnect, send_no_error)
    |   File "C:\Users\Triza\AppData\Roaming\Python\Python311\site-packages\starlette\middleware\cors.py", line 85, in __call__
    |     await self.app(scope, receive, send)
    |   File "C:\Users\Triza\AppData\Roaming\Python\Python311\site-packages\starlette\middleware\exceptions.py", line 63, in __call__
    |     await wrap_app_handling_exceptions(self.app, conn)(scope, receive, send)
    |   File "C:\Users\Triza\AppData\Roaming\Python\Python311\site-packages\starlette\_exception_handler.py", line 53, in wrapped_app
    |     raise exc
    |   File "C:\Users\Triza\AppData\Roaming\Python\Python311\site-packages\starlette\_exception_handler.py", line 42, in wrapped_app
    |     await app(scope, receive, sender)
    |   File "C:\Users\Triza\AppData\Roaming\Python\Python311\site-packages\starlette\routing.py", line 716, in __call__
    |     await self.middleware_stack(scope, receive, send)
    |   File "C:\Users\Triza\AppData\Roaming\Python\Python311\site-packages\starlette\routing.py", line 736, in app
    |     await route.handle(scope, receive, send)
    |   File "C:\Users\Triza\AppData\Roaming\Python\Python311\site-packages\starlette\routing.py", line 290, in handle
    |     await self.app(scope, receive, send)
    |   File "C:\Users\Triza\AppData\Roaming\Python\Python311\site-packages\starlette\routing.py", line 78, in app
    |     await wrap_app_handling_exceptions(app, request)(scope, receive, send)
    |   File "C:\Users\Triza\AppData\Roaming\Python\Python311\site-packages\starlette\_exception_handler.py", line 53, in wrapped_app
    |     raise exc
    |   File "C:\Users\Triza\AppData\Roaming\Python\Python311\site-packages\starlette\_exception_handler.py", line 42, in wrapped_app
    |     await app(scope, receive, sender)
    |   File "C:\Users\Triza\AppData\Roaming\Python\Python311\site-packages\starlette\routing.py", line 75, in app
    |     response = await f(request)
    |                ^^^^^^^^^^^^^^^^
    |   File "C:\Program Files\Python311\Lib\contextlib.py", line 222, in __aexit__
    |     await self.gen.athrow(typ, value, traceback)
    |   File "C:\Users\Triza\AppData\Roaming\Python\Python311\site-packages\fastapi\concurrency.py", line 35, in contextmanager_in_threadpool
    |     raise e
    |   File "C:\Users\Triza\AppData\Roaming\Python\Python311\site-packages\fastapi\concurrency.py", line 27, in contextmanager_in_threadpool
    |     yield await run_in_threadpool(cm.__enter__)
    |   File "C:\Users\Triza\AppData\Roaming\Python\Python311\site-packages\fastapi\routing.py", line 302, in app
    |     raw_response = await run_endpoint_function(
    |                    ^^^^^^^^^^^^^^^^^^^^^^^^^^^^
    |   File "C:\Users\Triza\AppData\Roaming\Python\Python311\site-packages\fastapi\routing.py", line 213, in run_endpoint_function
    |     return await dependant.call(**values)
    |            ^^^^^^^^^^^^^^^^^^^^^^^^^^^^^^
    |   File "C:\PROJECTS\AccountingSystem\routes\employee.py", line 425, in update_salary_details
    |     set_if_present("basic_salary", cast=to_float)
    |     ^^^^^^^^^^^^^^
    | NameError: name 'set_if_present' is not defined
    +------------------------------------

During handling of the above exception, another exception occurred:

Traceback (most recent call last):
  File "C:\Users\Triza\AppData\Roaming\Python\Python311\site-packages\uvicorn\protocols\http\httptools_impl.py", line 409, in run_asgi
    result = await app(  # type: ignore[func-returns-value]
             ^^^^^^^^^^^^^^^^^^^^^^^^^^^^^^^^^^^^^^^^^^^^^^
  File "C:\Users\Triza\AppData\Roaming\Python\Python311\site-packages\uvicorn\middleware\proxy_headers.py", line 60, in __call__
    return await self.app(scope, receive, send)
           ^^^^^^^^^^^^^^^^^^^^^^^^^^^^^^^^^^^^
  File "C:\Users\Triza\AppData\Roaming\Python\Python311\site-packages\fastapi\applications.py", line 1054, in __call__
    await super().__call__(scope, receive, send)
  File "C:\Users\Triza\AppData\Roaming\Python\Python311\site-packages\starlette\applications.py", line 113, in __call__
    await self.middleware_stack(scope, receive, send)
  File "C:\Users\Triza\AppData\Roaming\Python\Python311\site-packages\starlette\middleware\errors.py", line 186, in __call__
    raise exc
  File "C:\Users\Triza\AppData\Roaming\Python\Python311\site-packages\starlette\middleware\errors.py", line 164, in __call__
    await self.app(scope, receive, _send)
  File "C:\Users\Triza\AppData\Roaming\Python\Python311\site-packages\starlette\middleware\base.py", line 182, in __call__
    with recv_stream, send_stream, collapse_excgroups():
  File "C:\Program Files\Python311\Lib\contextlib.py", line 155, in __exit__
    self.gen.throw(typ, value, traceback)
  File "C:\Users\Triza\AppData\Roaming\Python\Python311\site-packages\starlette\_utils.py", line 83, in collapse_excgroups
    raise exc
  File "C:\Users\Triza\AppData\Roaming\Python\Python311\site-packages\starlette\middleware\base.py", line 184, in __call__
    response = await self.dispatch_func(request, call_next)
               ^^^^^^^^^^^^^^^^^^^^^^^^^^^^^^^^^^^^^^^^^^^^
  File "C:\PROJECTS\AccountingSystem\main.py", line 83, in timing
    response = await call_next(request)
               ^^^^^^^^^^^^^^^^^^^^^^^^
  File "C:\Users\Triza\AppData\Roaming\Python\Python311\site-packages\starlette\middleware\base.py", line 159, in call_next
    raise app_exc
  File "C:\Users\Triza\AppData\Roaming\Python\Python311\site-packages\starlette\middleware\base.py", line 144, in coro
    await self.app(scope, receive_or_disconnect, send_no_error)
  File "C:\Users\Triza\AppData\Roaming\Python\Python311\site-packages\starlette\middleware\cors.py", line 85, in __call__
    await self.app(scope, receive, send)
  File "C:\Users\Triza\AppData\Roaming\Python\Python311\site-packages\starlette\middleware\exceptions.py", line 63, in __call__
    await wrap_app_handling_exceptions(self.app, conn)(scope, receive, send)
  File "C:\Users\Triza\AppData\Roaming\Python\Python311\site-packages\starlette\_exception_handler.py", line 53, in wrapped_app
    raise exc
  File "C:\Users\Triza\AppData\Roaming\Python\Python311\site-packages\starlette\_exception_handler.py", line 42, in wrapped_app
    await app(scope, receive, sender)
  File "C:\Users\Triza\AppData\Roaming\Python\Python311\site-packages\starlette\routing.py", line 716, in __call__
    await self.middleware_stack(scope, receive, send)
  File "C:\Users\Triza\AppData\Roaming\Python\Python311\site-packages\starlette\routing.py", line 736, in app
    await route.handle(scope, receive, send)
  File "C:\Users\Triza\AppData\Roaming\Python\Python311\site-packages\starlette\routing.py", line 290, in handle
    await self.app(scope, receive, send)
  File "C:\Users\Triza\AppData\Roaming\Python\Python311\site-packages\starlette\routing.py", line 78, in app
    await wrap_app_handling_exceptions(app, request)(scope, receive, send)
  File "C:\Users\Triza\AppData\Roaming\Python\Python311\site-packages\starlette\_exception_handler.py", line 53, in wrapped_app
    raise exc
  File "C:\Users\Triza\AppData\Roaming\Python\Python311\site-packages\starlette\_exception_handler.py", line 42, in wrapped_app
    await app(scope, receive, sender)
  File "C:\Users\Triza\AppData\Roaming\Python\Python311\site-packages\starlette\routing.py", line 75, in app
    response = await f(request)
               ^^^^^^^^^^^^^^^^
  File "C:\Program Files\Python311\Lib\contextlib.py", line 222, in __aexit__
    await self.gen.athrow(typ, value, traceback)
  File "C:\Users\Triza\AppData\Roaming\Python\Python311\site-packages\fastapi\concurrency.py", line 35, in contextmanager_in_threadpool
    raise e
  File "C:\Users\Triza\AppData\Roaming\Python\Python311\site-packages\fastapi\concurrency.py", line 27, in contextmanager_in_threadpool
    yield await run_in_threadpool(cm.__enter__)
  File "C:\Users\Triza\AppData\Roaming\Python\Python311\site-packages\fastapi\routing.py", line 302, in app
    raw_response = await run_endpoint_function(
                   ^^^^^^^^^^^^^^^^^^^^^^^^^^^^
  File "C:\Users\Triza\AppData\Roaming\Python\Python311\site-packages\fastapi\routing.py", line 213, in run_endpoint_function
    return await dependant.call(**values)
           ^^^^^^^^^^^^^^^^^^^^^^^^^^^^^^
  File "C:\PROJECTS\AccountingSystem\routes\employee.py", line 425, in update_salary_details
    set_if_present("basic_salary", cast=to_float)
    ^^^^^^^^^^^^^^
NameError: name 'set_if_present' is not defined
ERROR:    Exception in ASGI application
  + Exception Group Traceback (most recent call last):
  |   File "C:\Users\Triza\AppData\Roaming\Python\Python311\site-packages\starlette\_utils.py", line 77, in collapse_excgroups
  |     yield
  |   File "C:\Users\Triza\AppData\Roaming\Python\Python311\site-packages\starlette\middleware\base.py", line 183, in __call__
  |     async with anyio.create_task_group() as task_group:
  |   File "C:\Users\Triza\AppData\Roaming\Python\Python311\site-packages\anyio\_backends\_asyncio.py", line 772, in __aexit__
  |     raise BaseExceptionGroup(
  | ExceptionGroup: unhandled errors in a TaskGroup (1 sub-exception)
  +-+---------------- 1 ----------------
    | Traceback (most recent call last):
    |   File "C:\Users\Triza\AppData\Roaming\Python\Python311\site-packages\uvicorn\protocols\http\httptools_impl.py", line 409, in run_asgi
    |     result = await app(  # type: ignore[func-returns-value]
    |              ^^^^^^^^^^^^^^^^^^^^^^^^^^^^^^^^^^^^^^^^^^^^^^
    |   File "C:\Users\Triza\AppData\Roaming\Python\Python311\site-packages\uvicorn\middleware\proxy_headers.py", line 60, in __call__
    |     return await self.app(scope, receive, send)
    |            ^^^^^^^^^^^^^^^^^^^^^^^^^^^^^^^^^^^^
    |   File "C:\Users\Triza\AppData\Roaming\Python\Python311\site-packages\fastapi\applications.py", line 1054, in __call__
    |     await super().__call__(scope, receive, send)
    |   File "C:\Users\Triza\AppData\Roaming\Python\Python311\site-packages\starlette\applications.py", line 113, in __call__
    |     await self.middleware_stack(scope, receive, send)
    |   File "C:\Users\Triza\AppData\Roaming\Python\Python311\site-packages\starlette\middleware\errors.py", line 186, in __call__
    |     raise exc
    |   File "C:\Users\Triza\AppData\Roaming\Python\Python311\site-packages\starlette\middleware\errors.py", line 164, in __call__
    |     await self.app(scope, receive, _send)
    |   File "C:\Users\Triza\AppData\Roaming\Python\Python311\site-packages\starlette\middleware\base.py", line 182, in __call__
    |     with recv_stream, send_stream, collapse_excgroups():
    |   File "C:\Program Files\Python311\Lib\contextlib.py", line 155, in __exit__
    |     self.gen.throw(typ, value, traceback)
    |   File "C:\Users\Triza\AppData\Roaming\Python\Python311\site-packages\starlette\_utils.py", line 83, in collapse_excgroups
    |     raise exc
    |   File "C:\Users\Triza\AppData\Roaming\Python\Python311\site-packages\starlette\middleware\base.py", line 184, in __call__
    |     response = await self.dispatch_func(request, call_next)
    |                ^^^^^^^^^^^^^^^^^^^^^^^^^^^^^^^^^^^^^^^^^^^^
    |   File "C:\PROJECTS\AccountingSystem\main.py", line 83, in timing
    |     response = await call_next(request)
    |                ^^^^^^^^^^^^^^^^^^^^^^^^
    |   File "C:\Users\Triza\AppData\Roaming\Python\Python311\site-packages\starlette\middleware\base.py", line 159, in call_next
    |     raise app_exc
    |   File "C:\Users\Triza\AppData\Roaming\Python\Python311\site-packages\starlette\middleware\base.py", line 144, in coro
    |     await self.app(scope, receive_or_disconnect, send_no_error)
    |   File "C:\Users\Triza\AppData\Roaming\Python\Python311\site-packages\starlette\middleware\cors.py", line 85, in __call__
    |     await self.app(scope, receive, send)
    |   File "C:\Users\Triza\AppData\Roaming\Python\Python311\site-packages\starlette\middleware\exceptions.py", line 63, in __call__
    |     await wrap_app_handling_exceptions(self.app, conn)(scope, receive, send)
    |   File "C:\Users\Triza\AppData\Roaming\Python\Python311\site-packages\starlette\_exception_handler.py", line 53, in wrapped_app
    |     raise exc
    |   File "C:\Users\Triza\AppData\Roaming\Python\Python311\site-packages\starlette\_exception_handler.py", line 42, in wrapped_app
    |     await app(scope, receive, sender)
    |   File "C:\Users\Triza\AppData\Roaming\Python\Python311\site-packages\starlette\routing.py", line 716, in __call__
    |     await self.middleware_stack(scope, receive, send)
    |   File "C:\Users\Triza\AppData\Roaming\Python\Python311\site-packages\starlette\routing.py", line 736, in app
    |     await route.handle(scope, receive, send)
    |   File "C:\Users\Triza\AppData\Roaming\Python\Python311\site-packages\starlette\routing.py", line 290, in handle
    |     await self.app(scope, receive, send)
    |   File "C:\Users\Triza\AppData\Roaming\Python\Python311\site-packages\starlette\routing.py", line 78, in app
    |     await wrap_app_handling_exceptions(app, request)(scope, receive, send)
    |   File "C:\Users\Triza\AppData\Roaming\Python\Python311\site-packages\starlette\_exception_handler.py", line 53, in wrapped_app
    |     raise exc
    |   File "C:\Users\Triza\AppData\Roaming\Python\Python311\site-packages\starlette\_exception_handler.py", line 42, in wrapped_app
    |     await app(scope, receive, sender)
    |   File "C:\Users\Triza\AppData\Roaming\Python\Python311\site-packages\starlette\routing.py", line 75, in app
    |     response = await f(request)
    |                ^^^^^^^^^^^^^^^^
    |   File "C:\Program Files\Python311\Lib\contextlib.py", line 222, in __aexit__
    |     await self.gen.athrow(typ, value, traceback)
    |   File "C:\Users\Triza\AppData\Roaming\Python\Python311\site-packages\fastapi\concurrency.py", line 35, in contextmanager_in_threadpool
    |     raise e
    |   File "C:\Users\Triza\AppData\Roaming\Python\Python311\site-packages\fastapi\concurrency.py", line 27, in contextmanager_in_threadpool
    |     yield await run_in_threadpool(cm.__enter__)
    |   File "C:\Users\Triza\AppData\Roaming\Python\Python311\site-packages\fastapi\routing.py", line 328, in app
    |     content = await serialize_response(
    |               ^^^^^^^^^^^^^^^^^^^^^^^^^
    |   File "C:\Users\Triza\AppData\Roaming\Python\Python311\site-packages\fastapi\routing.py", line 182, in serialize_response
    |     return field.serialize(
    |            ^^^^^^^^^^^^^^^^
    |   File "C:\Users\Triza\AppData\Roaming\Python\Python311\site-packages\fastapi\_compat.py", line 152, in serialize
    |     return self._type_adapter.dump_python(
    |            ^^^^^^^^^^^^^^^^^^^^^^^^^^^^^^^
    |   File "C:\Users\Triza\AppData\Roaming\Python\Python311\site-packages\pydantic\type_adapter.py", line 572, in dump_python
    |     return self.serializer.to_python(
    |            ^^^^^^^^^^^^^^^^^^^^^^^^^^
    | pydantic_core._pydantic_core.PydanticSerializationError: Unable to serialize unknown type: <class 'models.loan_advance.LoanAdvance'>
    +------------------------------------

During handling of the above exception, another exception occurred:

Traceback (most recent call last):
  File "C:\Users\Triza\AppData\Roaming\Python\Python311\site-packages\uvicorn\protocols\http\httptools_impl.py", line 409, in run_asgi
    result = await app(  # type: ignore[func-returns-value]
             ^^^^^^^^^^^^^^^^^^^^^^^^^^^^^^^^^^^^^^^^^^^^^^
  File "C:\Users\Triza\AppData\Roaming\Python\Python311\site-packages\uvicorn\middleware\proxy_headers.py", line 60, in __call__
    return await self.app(scope, receive, send)
           ^^^^^^^^^^^^^^^^^^^^^^^^^^^^^^^^^^^^
  File "C:\Users\Triza\AppData\Roaming\Python\Python311\site-packages\fastapi\applications.py", line 1054, in __call__
    await super().__call__(scope, receive, send)
  File "C:\Users\Triza\AppData\Roaming\Python\Python311\site-packages\starlette\applications.py", line 113, in __call__
    await self.middleware_stack(scope, receive, send)
  File "C:\Users\Triza\AppData\Roaming\Python\Python311\site-packages\starlette\middleware\errors.py", line 186, in __call__
    raise exc
  File "C:\Users\Triza\AppData\Roaming\Python\Python311\site-packages\starlette\middleware\errors.py", line 164, in __call__
    await self.app(scope, receive, _send)
  File "C:\Users\Triza\AppData\Roaming\Python\Python311\site-packages\starlette\middleware\base.py", line 182, in __call__
    with recv_stream, send_stream, collapse_excgroups():
  File "C:\Program Files\Python311\Lib\contextlib.py", line 155, in __exit__
    self.gen.throw(typ, value, traceback)
  File "C:\Users\Triza\AppData\Roaming\Python\Python311\site-packages\starlette\_utils.py", line 83, in collapse_excgroups
    raise exc
  File "C:\Users\Triza\AppData\Roaming\Python\Python311\site-packages\starlette\middleware\base.py", line 184, in __call__
    response = await self.dispatch_func(request, call_next)
               ^^^^^^^^^^^^^^^^^^^^^^^^^^^^^^^^^^^^^^^^^^^^
  File "C:\PROJECTS\AccountingSystem\main.py", line 83, in timing
    response = await call_next(request)
               ^^^^^^^^^^^^^^^^^^^^^^^^
  File "C:\Users\Triza\AppData\Roaming\Python\Python311\site-packages\starlette\middleware\base.py", line 159, in call_next
    raise app_exc
  File "C:\Users\Triza\AppData\Roaming\Python\Python311\site-packages\starlette\middleware\base.py", line 144, in coro
    await self.app(scope, receive_or_disconnect, send_no_error)
  File "C:\Users\Triza\AppData\Roaming\Python\Python311\site-packages\starlette\middleware\cors.py", line 85, in __call__
    await self.app(scope, receive, send)
  File "C:\Users\Triza\AppData\Roaming\Python\Python311\site-packages\starlette\middleware\exceptions.py", line 63, in __call__
    await wrap_app_handling_exceptions(self.app, conn)(scope, receive, send)
  File "C:\Users\Triza\AppData\Roaming\Python\Python311\site-packages\starlette\_exception_handler.py", line 53, in wrapped_app
    raise exc
  File "C:\Users\Triza\AppData\Roaming\Python\Python311\site-packages\starlette\_exception_handler.py", line 42, in wrapped_app
    await app(scope, receive, sender)
  File "C:\Users\Triza\AppData\Roaming\Python\Python311\site-packages\starlette\routing.py", line 716, in __call__
    await self.middleware_stack(scope, receive, send)
  File "C:\Users\Triza\AppData\Roaming\Python\Python311\site-packages\starlette\routing.py", line 736, in app
    await route.handle(scope, receive, send)
  File "C:\Users\Triza\AppData\Roaming\Python\Python311\site-packages\starlette\routing.py", line 290, in handle
    await self.app(scope, receive, send)
  File "C:\Users\Triza\AppData\Roaming\Python\Python311\site-packages\starlette\routing.py", line 78, in app
    await wrap_app_handling_exceptions(app, request)(scope, receive, send)
  File "C:\Users\Triza\AppData\Roaming\Python\Python311\site-packages\starlette\_exception_handler.py", line 53, in wrapped_app
    raise exc
  File "C:\Users\Triza\AppData\Roaming\Python\Python311\site-packages\starlette\_exception_handler.py", line 42, in wrapped_app
    await app(scope, receive, sender)
  File "C:\Users\Triza\AppData\Roaming\Python\Python311\site-packages\starlette\routing.py", line 75, in app
    response = await f(request)
               ^^^^^^^^^^^^^^^^
  File "C:\Program Files\Python311\Lib\contextlib.py", line 222, in __aexit__
    await self.gen.athrow(typ, value, traceback)
  File "C:\Users\Triza\AppData\Roaming\Python\Python311\site-packages\fastapi\concurrency.py", line 35, in contextmanager_in_threadpool
    raise e
  File "C:\Users\Triza\AppData\Roaming\Python\Python311\site-packages\fastapi\concurrency.py", line 27, in contextmanager_in_threadpool
    yield await run_in_threadpool(cm.__enter__)
  File "C:\Users\Triza\AppData\Roaming\Python\Python311\site-packages\fastapi\routing.py", line 328, in app
    content = await serialize_response(
              ^^^^^^^^^^^^^^^^^^^^^^^^^
  File "C:\Users\Triza\AppData\Roaming\Python\Python311\site-packages\fastapi\routing.py", line 182, in serialize_response
    return field.serialize(
           ^^^^^^^^^^^^^^^^
  File "C:\Users\Triza\AppData\Roaming\Python\Python311\site-packages\fastapi\_compat.py", line 152, in serialize
    return self._type_adapter.dump_python(
           ^^^^^^^^^^^^^^^^^^^^^^^^^^^^^^^
  File "C:\Users\Triza\AppData\Roaming\Python\Python311\site-packages\pydantic\type_adapter.py", line 572, in dump_python
    return self.serializer.to_python(
           ^^^^^^^^^^^^^^^^^^^^^^^^^^
pydantic_core._pydantic_core.PydanticSerializationError: Unable to serialize unknown type: <class 'models.loan_advance.LoanAdvance'>
